t-074 [Manual Review] chapter-1.xhtml Extended sound using hyphen-minus `-` 
instead of non-breaking hyphen `â€‘`.
        <i>Bor-r-r-r-n!</i>
        <em>Ow-w-w-w!</em>
