m-070 [Error] glossary-search-key-map.xml Glossary entry not found in the text.
        R+L=J
