y-030 [Manual Review] chapter-1.xhtml Possible typo: Lowercase quotation 
following a period. Check either that the period should be a comma, or that the 
quotation should start with a capital.
        To be more specific, a manx is a swordfish's edger. “the trout” of a 
part becomes a starchy sprout.
        “Before birthdaies, bladders were only bongos. ‘recent controversy’ 
aside, a rotate is a footnote from the right perspective.
