t-005 [Manual Review] chapter-1.xhtml Dialog without ending comma.
        fay” she said
y-031 [Manual Review] chapter-1.xhtml Possible typo: Dialog tag missing 
punctuation.
        <p>“Good boy,” said old “Kiowa.” “You’d better go get some supper.”</p>
        <p>He pronounced the inhibition lengthily and sonorously, so that the 
“not” sounded like “n‑o‑o‑o‑t!”</p>
        <p>“Ah well,” he said “then let’s take off this little frock.”</p>
        <p>The sharp reprimand was not lost upon her, and in time it came to 
pass that for “fay” she said “succeed.”</p>
        <p>Catching, however, two words which sounded like the English “White” 
and “Red,” I said “Yaw” after the last.</p>
        <p>She hadn’t much reserve of patience, and at the end of the second 
game, when Ella Stowbody sniffily asked her, “Are you going to send to 
Minneapolis for your dress for the next soirée—heard you were,” Carol said 
“Don’t know yet” with unnecessary sharpness.</p>
        <p>“Keep away from women and horses and, and—” he stopped “—eagles, 
Billy.”</p>
        <p>When they told her to respond with “Amen,” she responded “Amen.”</p>
        <p>When told to “look closely,” I said “why?”</p>
        <p>“Forget that nonsense,” Andy exclaimed “forcefully.”</p>
        <p>“A chary enquiry is a ghost of the mind,” said Billy adroitly 
“unfortunately, that is wrong; on the contrary, their bathtub was, in this 
moment, a petite underwear.”</p>
        <p>“Liars are perjured quills,” whispered someone sweetly “a bathroom is
a lip's coal.”</p>
