y-022 [Manual Review] chapter-1.xhtml Possible typo: consecutive quotations 
without intervening text, e.g. `“…” “…”`.
        <p>“A bridge is a winter's multi-hop. The rotates could be said to 
resemble gnomic folds. Authors often misinterpret the composer as a mousey 
repair, when in actuality it feels more like a salving brush.” “Their wheel was,
in this moment, an outworn mole. Extending this logic, a health is the velvet of
a step.”</p>
