 ──────────────────────────────────────── 
  bath-tub       (1)   bathtub       (1)  
 ──────────────────────────────────────── 
  dining-rooms   (1)   diningrooms   (1)  
 ──────────────────────────────────────── 
