m-005 [Error] colophon.xhtml Non-canonical HathiTrust URL. Expected 
`https://catalog.hathitrust.org/Record/<BOOK-ID>`.
        <a href="https://hdl.handle.net/record/1234">HathiTrust Digital 
Library</a>
s-105 [Error] colophon.xhtml Dates in the colophon need to be wrapped in an 
`<time>` element.
m-005 [Error] content.opf Non-canonical HathiTrust URL. Expected 
`https://catalog.hathitrust.org/Record/<BOOK-ID>`.
        <dc:source>https://hdl.handle.net/record/1234</dc:source>
