<spine>
	<itemref idref="titlepage.xhtml"/>
	<itemref idref="imprint.xhtml"/>
	<itemref idref="misc-front.xhtml"/>
	<itemref idref="halftitlepage.xhtml"/>
	<itemref idref="chapter-1.xhtml"/>
	<itemref idref="epilogue.xhtml"/>
	<itemref idref="part-1.xhtml"/>
	<itemref idref="chapter-1-1.xhtml"/>
	<itemref idref="chapter-1-2.xhtml"/>
	<itemref idref="chapter-1-3.xhtml"/>
	<itemref idref="part-2.xhtml"/>
	<itemref idref="chapter-2-1.xhtml"/>
	<itemref idref="colophon.xhtml"/>
	<itemref idref="uncopyright.xhtml"/>
</spine>
