/Users/vrice/src/SE/tools/tests/stdout_commands/css-select/test-2/in/src/epub/te
xt/chapter-1.xhtml
        <p>Chapter 1, eighth p, first p after second blockquote (verse).</p>

/Users/vrice/src/SE/tools/tests/stdout_commands/css-select/test-2/in/src/epub/te
xt/chapter-2.xhtml
        <p>Chapter 2, second p, first p after first blockquote (letter).</p>

        <p>Chapter 2, eighth p, first p after second blockquote (verse).</p>

