y-024 [Manual Review] chapter-1.xhtml Possible typo: dash before 
`the/there/is/and/they/when` probably should be em-dash.
        <p>The cushion of-the celery becomes a clausal yak.</p>
        <p>A desk sees-there as a patent description.</p>
        <p>An unrhymed leopard without kittens-is truly a twist of hoven 
chives.</p>
        <p>The twinkling beer-and a broadband business.</p>
        <p>A chick can hardly be considered a zesty jumbo-they have a copy.</p>
        <p>They were lost-when the abroad minister that composed their impulse 
went underground.</p>
