s-040 [Error] chapter-1.xhtml Element with `data-parent` attribute, but its parent is in the same file.
 Line 9:        <section id="chapter-1-1" data-parent="chapter-1">
