 ───────────────────────────────────────────────────────── 
       U+007F   Unrecognized                          (1)  
 ───────────────────────────────────────────────────────── 
  о    U+043E   CYRILLIC SMALL LETTER O               (1)  
 ───────────────────────────────────────────────────────── 
  һ    U+04BB   CYRILLIC SMALL LETTER SHHA            (1)  
 ───────────────────────────────────────────────────────── 
  ո    U+0578   ARMENIAN SMALL LETTER VO              (1)  
 ───────────────────────────────────────────────────────── 
  օ    U+0585   ARMENIAN SMALL LETTER OH              (1)  
 ───────────────────────────────────────────────────────── 
  ẹ    U+1EB9   LATIN SMALL LETTER E WITH DOT BELOW   (1)  
 ───────────────────────────────────────────────────────── 
  　   U+3000   IDEOGRAPHIC SPACE                     (1)  
 ───────────────────────────────────────────────────────── 
