y-003 [Manual Review] chapter-1.xhtml Possible typo: paragraph missing ending 
punctuation.
        <p>This one should error</p>
