t-001 [Error] chapter-1.xhtml Double spacing found. Sentences should be 
single-spaced. (Note that double spaces might include Unicode no-break and/or 
hair spaces!)
