m-080 [Error] colophon.xhtml DP link must be exactly `Distributed Proofreaders 
Canada`.
        <a href="https://www.pgdpcanada.net">Distributed Proofreading Canada</a>
