y-001 [Manual Review] chapter-1.xhtml Possible typo: doubled 
`a/the/and/of/or/as/if`.
        of of
        as as
        The the
        If if
        or or
        and and
y-001 [Manual Review] content.opf Possible typo: doubled 
`a/the/and/of/or/as/if`.
        and and
        the the
        If if
        of of
        or or
        as as
