y-029 [Manual Review] chapter-1.xhtml Possible typo: Italics followed by a 
letter.
        <i>caw-caw-caw-caw</i>
        <em>Is</em>
